▲ Next.js 16.3.7 (Turbopack)
✓ Running next.config.ts took 67ms

  Creating an optimized production build ...
✓ Compiled successfully in 23.2s
  Running TypeScript ...
  Finished TypeScript in 8.6s ...
  Collecting page data using 6 workers ...
  Generating static pages using 6 workers (0/4) ...
  Generating static pages using 6 workers (1/4) 
  Generating static pages using 6 workers (2/4) 
  Generating static pages using 6 workers (3/4) 
✓ Generating static pages using 6 workers (4/4) in 1636ms
  Finalizing page optimization ...

Route (app)
┌ ○ /
├ ○ /_not-found
├ ○ /cart
└ ƒ /products/[id]


○  (Static)   prerendered as static content
ƒ  (Dynamic)  server-rendered on demand

